// Jest Snapshot v1, https://goo.gl/fbAQLP

exports[`Testing <Filter/> should Search have be rendered correctly 1`] = `
<div
  class="col-lg-4 col-md-12 col-12"
>
  <div
    class="bg-white p-4 shadow 1 form-group"
  >
    <div
      class="sc-gtsrHT jlcxdi"
    >
      <h6
        class="mb-4"
      >
        количество пересадок
      </h6>
      <div>
        <div
          class="check_itm form-check"
        >
          <label
            class="form-check-label"
          >
            Все
            <input
              checked=""
              class="mb-3 form-check-input"
              name="checked"
              type="checkbox"
              value="all"
            />
          </label>
        </div>
        <div
          class="check_itm form-check"
        >
          <label
            class="form-check-label"
          >
            Без пересадок
            <input
              class="mb-3 form-check-input"
              name="checked"
              type="checkbox"
              value="no"
            />
          </label>
        </div>
        <div
          class="check_itm form-check"
        >
          <label
            class="form-check-label"
          >
            1 пересадка
            <input
              class="mb-3 form-check-input"
              name="checked"
              type="checkbox"
              value="one"
            />
          </label>
        </div>
        <div
          class="check_itm form-check"
        >
          <label
            class="form-check-label"
          >
            2 пересадки
            <input
              class="mb-3 form-check-input"
              name="checked"
              type="checkbox"
              value="two"
            />
          </label>
        </div>
        <div
          class="check_itm form-check"
        >
          <label
            class="form-check-label"
          >
            3 пересадки
            <input
              class="mb-3 form-check-input"
              name="checked"
              type="checkbox"
              value="three"
            />
          </label>
        </div>
      </div>
    </div>
  </div>
</div>
`;
